[www.vintagepointsblog.com/index.html]
[backblue.gif]
[fade.gif]
[index.html]
[www.vintagepointsblog.com/wp-includes/css/dist/block-library/style.min7661.css]
[www.vintagepointsblog.com/wp-content/plugins/feed-them-social/feeds/css/styles7661.css]
[www.vintagepointsblog.com/wp-content/plugins/feed-them-social/feeds/css/magnific-popup7661.css]
[www.vintagepointsblog.com/wp-content/themes/bloggist/style7661.css]
[www.vintagepointsblog.com/wp-content/themes/bloggist/css/font-awesome.min7661.css]
[www.vintagepointsblog.com/indexa6da.html]
[www.vintagepointsblog.com/wp-content/themes/clean-bloggist/style7661.css]
[www.vintagepointsblog.com/wp-content/plugins/jetpack/css/jetpack33a6.css]
[www.google-analytics.com/analytics.js]
[www.vintagepointsblog.com/wp-includes/js/jquery/jquery-migrate.min330a.js]
[www.vintagepointsblog.com/indexd784.html]
[www.vintagepointsblog.com/wp-content/plugins/feed-them-social/admin/js/admin7661.js]
[www.vintagepointsblog.com/wp-content/plugins/google-analytics-for-wordpress/assets/js/frontend.min38e0.js]
[www.vintagepointsblog.com/wp-content/plugins/cleantalk-spam-protect/js/apbct-publicc32d.js]
[www.vintagepointsblog.com/wp-content/plugins/cleantalk-spam-protect/inc/cleantalk_nocachec32d.js]
[www.vintagepointsblog.com/wp-content/plugins/feed-them-social/feeds/js/powered-by7661.js]
[www.vintagepointsblog.com/wp-content/plugins/feed-them-social/feeds/js/magnific-popup7661.js]
[www.vintagepointsblog.com/wp-includes/js/jquery/jquery4a5f.js]
[www.vintagepointsblog.com/index52f0.json]
[www.vintagepointsblog.com/xmlrpc0db0.php]
[www.vintagepointsblog.com/wp-includes/wlwmanifest.xml]
[www.vintagepointsblog.com/wp-content/uploads/2018/05/d8d8a5c5c8653dc3805ae7945f0fc7fe.jpg]
[i0.wp.com/www.vintagepointsblog.com/wp-content/uploads/2018/05/cropped-cotton_candy_clouds__by_s_is_for_sexxii-d42rnp17398.png]
[i0.wp.com/www.vintagepointsblog.com/wp-content/uploads/2018/05/cropped-cotton_candy_clouds__by_s_is_for_sexxii-d42rnp1ff94.png]
[i0.wp.com/www.vintagepointsblog.com/wp-content/uploads/2018/05/cropped-cotton_candy_clouds__by_s_is_for_sexxii-d42rnp1fd20.png]
[www.vintagepointsblog.com/wp-content/plugins/jetpack/modules/photon/photonb3d9.js]
[www.vintagepointsblog.com/indexd65e.html]
[www.vintagepointsblog.com/index81ea.html]
[www.vintagepointsblog.com/indexb946.html]
[www.vintagepointsblog.com/indexb31a.html]
[www.vintagepointsblog.com/indexaa1e.html]
[www.vintagepointsblog.com/indexf6a9.html]
[www.vintagepointsblog.com/index5294.html]
[www.vintagepointsblog.com/indexd06c.html]
[www.vintagepointsblog.com/index1639.html]
[www.vintagepointsblog.com/indexc518.html]
[www.vintagepointsblog.com/index221f.html]
[www.vintagepointsblog.com/indexf47a.html]
[www.vintagepointsblog.com/index4bd3.html]
[www.vintagepointsblog.com/indexeffc.html]
[www.vintagepointsblog.com/index6146.html]
[www.vintagepointsblog.com/index8ee7.html]
[www.vintagepointsblog.com/index8a68.html]
[www.vintagepointsblog.com/indexe377.html]
[www.vintagepointsblog.com/indexf5ce.html]
[s0.wp.com/wp-content/js/devicepx-jetpack3119.js]
[s.gravatar.com/js/gprofileseca6.js]
[www.vintagepointsblog.com/wp-content/plugins/jetpack/modules/wpgroho7661.js]
[www.vintagepointsblog.com/wp-content/themes/bloggist/js/navigation527d.js]
[www.vintagepointsblog.com/wp-content/themes/bloggist/js/skip-link-focus-fix527d.js]
[www.vintagepointsblog.com/wp-content/themes/bloggist/js/jquery.flexsliderd623.js]
[www.vintagepointsblog.com/wp-content/themes/bloggist/js/script1f01.js]
[www.vintagepointsblog.com/wp-includes/js/wp-embed.min7661.js]
[www.vintagepointsblog.com/wp-content/plugins/jetpack/_inc/spin4e44.js]
[www.vintagepointsblog.com/wp-content/plugins/jetpack/_inc/jquery.spin4e44.js]
[www.vintagepointsblog.com/wp-content/plugins/jetpack/modules/carousel/jetpack-carousela4d5.js]
[www.vintagepointsblog.com/index.html]
[www.vintagepointsblog.com/wp-includes/css/dist/block-library/style.min7661.css]
[stats.wp.com/e-202035.js]
[www.vintagepointsblog.com/wp-content/plugins/feed-them-social/feeds/css/font/fontawesome-webfontf77b.woff]
[www.vintagepointsblog.com/wp-content/plugins/feed-them-social/feeds/css/font/fontawesome-webfontf77b.ttf]
[www.vintagepointsblog.com/wp-content/plugins/feed-them-social/feeds/css/font/fontawesome-webfontf77b.eot]
[www.vintagepointsblog.com/wp-content/plugins/feed-them-social/feeds/css/font/fontawesome-webfont.svg]
[www.vintagepointsblog.com/wp-content/plugins/feed-them-social/feeds/css/font/fontawesome-webfontd41d.eot]
[www.vintagepointsblog.com/wp-content/plugins/feed-them-social/feeds/images/video-play-btn.png]
[www.vintagepointsblog.com/wp-content/plugins/feed-them-social/feeds/images/hearts-instagram.jpg]
[www.vintagepointsblog.com/wp-content/plugins/feed-them-social/feeds/images/comments-instagram.jpg]
[www.vintagepointsblog.com/wp-content/plugins/feed-them-social/feeds/images/pinterest-icons.png]
[www.vintagepointsblog.com/wp-content/plugins/feed-them-social/feeds/css/styles7661.css]
[www.vintagepointsblog.com/wp-content/plugins/feed-them-social/feeds/css/magnific-popup7661.css]
[www.vintagepointsblog.com/wp-content/themes/bloggist/style7661.css]
[www.vintagepointsblog.com/wp-content/themes/bloggist/fonts/fontawesome-webfont3e6e.woff2]
[www.vintagepointsblog.com/wp-content/themes/bloggist/fonts/fontawesome-webfont3e6e.woff]
[www.vintagepointsblog.com/wp-content/themes/bloggist/fonts/fontawesome-webfont3e6e.ttf]
[www.vintagepointsblog.com/wp-content/themes/bloggist/fonts/fontawesome-webfont3e6e.eot]
[www.vintagepointsblog.com/wp-content/themes/bloggist/fonts/fontawesome-webfontd41d.eot]
[www.vintagepointsblog.com/wp-content/themes/bloggist/css/font-awesome.min7661.css]
[www.vintagepointsblog.com/wp-content/themes/clean-bloggist/style7661.css]
[www.vintagepointsblog.com/wp-content/plugins/jetpack/modules/carousel/images/arrows.png]
[www.vintagepointsblog.com/wp-content/themes/bloggist/fonts/fontawesome-webfont3e6e.svg]
[www.vintagepointsblog.com/wp-content/plugins/jetpack/modules/carousel/images/arrows-2x.png]
[www.vintagepointsblog.com/wp-content/plugins/jetpack/modules/carousel/images/carousel-spritee4da.png]
[www.vintagepointsblog.com/wp-content/plugins/jetpack/modules/carousel/images/carousel-sprite-2xe4da.png]
[www.vintagepointsblog.com/wp-content/plugins/jetpack/modules/shortcodes/img/slideshow-controls.png]
[www.vintagepointsblog.com/wp-content/plugins/jetpack/modules/shortcodes/img/slideshow-controls-2x.png]
[www.vintagepointsblog.com/wp-content/plugins/jetpack/modules/shortcodes/images/slide-nav.png]
[www.vintagepointsblog.com/wp-content/plugins/jetpack/modules/shortcodes/images/expand.png]
[www.vintagepointsblog.com/wp-content/plugins/jetpack/modules/shortcodes/images/collapse.png]
[secure.gravatar.com/images/grav-share-sprite.png]
[www.vintagepointsblog.com/wp-content/plugins/jetpack/css/jetpack33a6.css]
[www.vintagepointsblog.com/linkid.html]
[www.vintagepointsblog.com/wp-admin/admin-ajax.html]
[www.vintagepointsblog.com/indexd65e.html]
[www.vintagepointsblog.com/index81ea.html]
[www.vintagepointsblog.com/indexca6e.html]
[www.vintagepointsblog.com/indexb946.html]
[www.vintagepointsblog.com/index4579.html]
[www.vintagepointsblog.com/indexb31a.html]
[www.vintagepointsblog.com/index2e31.html]
[www.vintagepointsblog.com/indexef92.html]
[www.vintagepointsblog.com/indexaa1e.html]
[www.vintagepointsblog.com/index9020.html]
[www.vintagepointsblog.com/indexdd01.html]
[www.vintagepointsblog.com/index52e8.html]
[www.vintagepointsblog.com/index5590.html]
[www.vintagepointsblog.com/index7277.html]
[www.vintagepointsblog.com/wp-content/plugins/jetpack/_inc/social-logos/social-logos.min68b3.css]
[www.vintagepointsblog.com/index4320.html]
[www.vintagepointsblog.com/index200d.html]
[www.vintagepointsblog.com/wp-content/plugins/jetpack/modules/related-posts/related-posts7f79.js]
[www.vintagepointsblog.com/indexcb8c.html]
[www.vintagepointsblog.com/indexfa18.json]
[www.vintagepointsblog.com/index8844.html]
[www.vintagepointsblog.com/index1641.html]
[www.vintagepointsblog.com/index679f.php]
[www.vintagepointsblog.com/index8e1b.html]
[www.vintagepointsblog.com/indexa943.html]
[www.vintagepointsblog.com/index25cd.html]
[www.vintagepointsblog.com/indexfa80.html]
[www.vintagepointsblog.com/indexb4c1.html]
[www.vintagepointsblog.com/index156c.html]
[pagead2.googlesyndication.com/pagead/js/adsbygoogle.45.delayed]
[www.vintagepointsblog.com/index7112.html]
[www.vintagepointsblog.com/index94ea.html]
[www.vintagepointsblog.com/index7d3e.html]
[www.vintagepointsblog.com/index4ef8.html]
[www.vintagepointsblog.com/index2915.html]
[www.vintagepointsblog.com/index7e31.html]
[www.vintagepointsblog.com/index0b1f.html]
[www.vintagepointsblog.com/indexc807.html]
[www.vintagepointsblog.com/index1a93.html]
[www.vintagepointsblog.com/index5f0f.html]
[www.vintagepointsblog.com/index9a88.html]
[www.vintagepointsblog.com/index2155.html]
[www.vintagepointsblog.com/index9f05.html]
[www.vintagepointsblog.com/indexc61d.html]
[www.vintagepointsblog.com/wp-includes/js/comment-reply.min7661.js]
[www.vintagepointsblog.com/indexf6a9.html]
[www.vintagepointsblog.com/wp-content/plugins/jetpack/modules/sharedaddy/sharing33a6.js]
[www.vintagepointsblog.com/indexbbc0.html]
[www.vintagepointsblog.com/index3f71.html]
[www.vintagepointsblog.com/index4580.html]
[www.vintagepointsblog.com/indexa36b.html]
[www.vintagepointsblog.com/index8b4e.html]
[www.vintagepointsblog.com/index5a24.html]
[www.vintagepointsblog.com/index2448.json]
[www.vintagepointsblog.com/indexeffd.html]
[www.vintagepointsblog.com/index6ffe.html]
[www.vintagepointsblog.com/index2cce.html]
[www.vintagepointsblog.com/index5294.html]
[www.vintagepointsblog.com/index7ef9.php]
[www.vintagepointsblog.com/index0721.html]
[www.vintagepointsblog.com/index64a9.html]
[www.vintagepointsblog.com/indexb09e.json]
[www.vintagepointsblog.com/index6db8.html]
[www.vintagepointsblog.com/indexd06c.html]
[www.vintagepointsblog.com/indexe7fd.php]
[www.vintagepointsblog.com/index502d.html]
[www.vintagepointsblog.com/indexe7be.json]
[www.vintagepointsblog.com/index6fb3.html]
[www.vintagepointsblog.com/index54a2.php]
[www.vintagepointsblog.com/index221f.html]
[www.vintagepointsblog.com/index3b46.json]
[www.vintagepointsblog.com/indexde08.php]
[www.vintagepointsblog.com/index56c1.html]
[i2.wp.com/www.vintagepointsblog.com/wp-content/uploads/2019/05/Cohn_Instagram-Graduation2372.jpg]
[www.vintagepointsblog.com/index1639.html]
[www.vintagepointsblog.com/indexfd7b.json]
[www.vintagepointsblog.com/index3c36.html]
[www.vintagepointsblog.com/index8f93.php]
[i.pinimg.com/originals/48/49/06/484906a65256e0e055fad16ec529e926.png]
[www.vintagepointsblog.com/indexc518.html]
[www.vintagepointsblog.com/index631b.json]
[www.vintagepointsblog.com/indexd727.php]
[www.vintagepointsblog.com/index81e5.html]
[i.pinimg.com/originals/59/14/a6/5914a6f03b5174b38c62ddf60803c354.jpg]
[www.vintagepointsblog.com/index4bd3.html]
[www.vintagepointsblog.com/index6511.json]
[www.vintagepointsblog.com/index9a8b.html]
[www.vintagepointsblog.com/indexaa9e.php]
[i1.wp.com/www.shutterfly.com/ideas/wp-content/uploads/2016/04/graduation-quote_for-daughter_maya-angelou7a5b.jpg]
[www.vintagepointsblog.com/indexf47a.html]
[www.vintagepointsblog.com/indexf7d8.html]
[www.vintagepointsblog.com/index62e2.json]
[www.vintagepointsblog.com/indexe2bd.php]
[i1.wp.com/ctb.ku.edu/sites/default/files/chapter_files/beingcompassionate7455.jpg]
[www.vintagepointsblog.com/indexeffc.html]
[www.vintagepointsblog.com/index28be.json]
[www.vintagepointsblog.com/index9288.html]
[www.vintagepointsblog.com/index0022.php]
[i1.wp.com/sbly-web-prod-shareably.netdna-ssl.com/wp-content/uploads/2018/04/05044422/dog-meets-winnie-the-pooh-disneyland49b2.jpg]
[www.vintagepointsblog.com/index8ee7.html]
[www.vintagepointsblog.com/index6146.html]
[www.vintagepointsblog.com/index8a68.html]
[www.vintagepointsblog.com/indexe377.html]
[www.vintagepointsblog.com/index65a9.html]
[www.vintagepointsblog.com/indexf5ce.html]
[www.vintagepointsblog.com/indexa595.html]
[www.vintagepointsblog.com/index880d.html]
[www.vintagepointsblog.com/index9076.html]
[www.vintagepointsblog.com/wp-content/plugins/feed-them-social/feeds/css/font/fontawesome-webfont.svg]
[www.vintagepointsblog.com/index7dad.html]
[www.vintagepointsblog.com/indexcde3.html]
[www.vintagepointsblog.com/index5295.html]
[www.vintagepointsblog.com/wp-content/plugins/feed-them-social/feeds/images/fb-play-btn.html]
[www.vintagepointsblog.com/index67bc.html]
[www.vintagepointsblog.com/wp-content/themes/bloggist/fonts/fontawesome-webfont3e6e.svg]
[www.vintagepointsblog.com/index3786.html]
[www.vintagepointsblog.com/index8fee.html]
[www.vintagepointsblog.com/index034a.html]
[www.vintagepointsblog.com/indexb773.html]
[www.vintagepointsblog.com/index03bd.html]
[www.vintagepointsblog.com/index6233.html]
[www.vintagepointsblog.com/index8773.json]
[www.vintagepointsblog.com/index88a0.html]
[www.vintagepointsblog.com/indexe1a1.html]
[www.vintagepointsblog.com/indexa8b8.html]
[www.vintagepointsblog.com/indexd93f.html]
[www.vintagepointsblog.com/index96ab.php]
[www.vintagepointsblog.com/index8cae.html]
[www.vintagepointsblog.com/index04cd.html]
[www.vintagepointsblog.com/index3f3a.html]
[www.vintagepointsblog.com/index4f61.html]
[www.vintagepointsblog.com/index5c36.html]
[www.vintagepointsblog.com/index094d.html]
[www.vintagepointsblog.com/indexcc0f.html]
[www.vintagepointsblog.com/indexe43e.html]
[www.vintagepointsblog.com/indexb2de.html]
[www.vintagepointsblog.com/indexa359.html]
[www.vintagepointsblog.com/index74a3.html]
[i1.wp.com/www.vintagepointsblog.com/wp-content/uploads/2017/01/FullSizeRender0d42.jpg]
[www.vintagepointsblog.com/index4579.html]
[www.vintagepointsblog.com/index5c0d.json]
[www.vintagepointsblog.com/index4b24.html]
[www.vintagepointsblog.com/index8f58.php]
[i.pinimg.com/736x/4b/b4/8f/4bb48f4bdcb069912b1fbb9ad5db41ad--infj-infp-introvert.jpg]
[www.vintagepointsblog.com/index2e31.html]
[www.vintagepointsblog.com/index7a0c.html]
[www.vintagepointsblog.com/index1254.json]
[www.vintagepointsblog.com/indexbd61.php]
[i1.wp.com/media.popculture.com/2018/05/staci-felker-instagram-20033646bd7e.png]
[www.vintagepointsblog.com/indexef92.html]
[www.vintagepointsblog.com/index267f.json]
[www.vintagepointsblog.com/indexdb5b.php]
[www.vintagepointsblog.com/index0ffb.html]
[i1.wp.com/static.designboom.com/wp-content/uploads/2018/10/instagram-photography-awards-incredible-travel-photos-designboom-47871.jpg]
[www.vintagepointsblog.com/indexdd01.html]
[www.vintagepointsblog.com/index79ff.json]
[www.vintagepointsblog.com/index2553.html]
[www.vintagepointsblog.com/indexf076.php]
[i2.wp.com/static1.squarespace.com/static/50e48e27e4b0c2f497730f8c/513114cbe4b01ea6767c1937/534ed684e4b0c67c912af260/1398092634764/502e7dedd55503196cb9240fa792588b0a24.jpg]
[www.vintagepointsblog.com/index52e8.html]
[www.vintagepointsblog.com/index5590.html]
[www.vintagepointsblog.com/index7277.html]
[www.vintagepointsblog.com/index68c1.html]
[www.vintagepointsblog.com/index4320.html]
[www.vintagepointsblog.com/index85b0.html]
[www.vintagepointsblog.com/index9fa1.html]
[www.vintagepointsblog.com/index3dc6.html]
[www.vintagepointsblog.com/index200d.html]
[www.vintagepointsblog.com/indexc902.html]
[www.vintagepointsblog.com/index6452.html]
[www.vintagepointsblog.com/index4659.html]
[www.vintagepointsblog.com/index5721.html]
[www.vintagepointsblog.com/index78d6.html]
[www.vintagepointsblog.com/index3440.html]
[www.vintagepointsblog.com/indexa09e.html]
[www.vintagepointsblog.com/index36c5.json]
[www.vintagepointsblog.com/index3350.html]
[www.vintagepointsblog.com/index4034.html]
[www.vintagepointsblog.com/index87e6.html]
[www.vintagepointsblog.com/index8816.html]
[www.vintagepointsblog.com/index52b7.php]
[www.vintagepointsblog.com/indexbe3b.html]
[www.vintagepointsblog.com/indexdb84.html]
[www.vintagepointsblog.com/index30a5.html]
[www.vintagepointsblog.com/indexb6ad.html]
[www.vintagepointsblog.com/index5eda.html]
[www.vintagepointsblog.com/index80b2.html]
[i.pinimg.com/originals/98/d3/20/98d3206028f08f8d6537ba2e69ceba04.jpg]
[www.vintagepointsblog.com/indexcb8c.html]
[www.vintagepointsblog.com/index5349.json]
[www.vintagepointsblog.com/index67f6.php]
[www.vintagepointsblog.com/index709f.html]
[bkblack28.files.wordpress.com/2014/06/princess_frog_dadac8e.png]
[www.vintagepointsblog.com/index8844.html]
[www.vintagepointsblog.com/index5a33.json]
[www.vintagepointsblog.com/indexe993.php]
[www.vintagepointsblog.com/index1641.html]
[www.vintagepointsblog.com/indexd221.html]
[www.vintagepointsblog.com/indexae0e.html]
[www.vintagepointsblog.com/indexdf8e.json]
[www.vintagepointsblog.com/index8e1b.html]
[www.vintagepointsblog.com/index6249.php]
[www.vintagepointsblog.com/index1a2b.json]
[www.vintagepointsblog.com/indexef7b.html]
[www.vintagepointsblog.com/index0aff.php]
[i0.wp.com/imgix.bustle.com/elite-daily/2017/09/14113341/shutterstock_499118923859a.jpg]
[www.vintagepointsblog.com/indexa943.html]
[www.vintagepointsblog.com/indexe45e.json]
[www.vintagepointsblog.com/indexfa80.html]
[www.vintagepointsblog.com/index6b5c.php]
[www.vintagepointsblog.com/index6c7e.html]
[www.vintagepointsblog.com/indexe0ec.json]
[www.vintagepointsblog.com/index7e8d.php]
[www.vintagepointsblog.com/index1b70.html]
[i2.wp.com/media1.popsugar-assets.com/files/thumbor/tt3q2bnqr_3RHPHZAEOSgi9cvKw/fit-in/1024x1024/filters_format_auto-!!-_strip_icc-!!-/2013/09/03/144/n/284435/perfect-snacks-keep-you]
[i0.wp.com/s-media-cache-ak0.pinimg.com/originals/cf/b9/2b/cfb92bb694e9aa71ef67de943f946cb0ea87.jpg]
[www.vintagepointsblog.com/indexb4c1.html]
[www.vintagepointsblog.com/index5874.json]
[www.vintagepointsblog.com/index156c.html]
[www.vintagepointsblog.com/index72a9.php]
[www.vintagepointsblog.com/index94ea.html]
[www.vintagepointsblog.com/index889d.html]
[www.vintagepointsblog.com/index7112.html]
[www.vintagepointsblog.com/index5034.html]
[www.vintagepointsblog.com/indexd1c3.html]
[www.vintagepointsblog.com/indexd7c9.html]
[www.vintagepointsblog.com/indexf45e.html]
[www.vintagepointsblog.com/index5a00.json]
[www.vintagepointsblog.com/index5a6a.html]
[www.vintagepointsblog.com/indexe8f5.html]
[www.vintagepointsblog.com/indexa828.html]
[www.vintagepointsblog.com/index7760.html]
[www.vintagepointsblog.com/indexe539.html]
[www.vintagepointsblog.com/index5791.html]
[www.vintagepointsblog.com/index1211.php]
[www.vintagepointsblog.com/index4ef8.html]
[www.vintagepointsblog.com/index6bfb.html]
[www.vintagepointsblog.com/indexee5b.html]
[www.vintagepointsblog.com/index60d6.html]
[www.vintagepointsblog.com/index31a3.html]
[www.vintagepointsblog.com/index9f7c.json]
[www.vintagepointsblog.com/indexbbbb.html]
[www.vintagepointsblog.com/index7737.html]
[www.vintagepointsblog.com/indexe6f0.html]
[www.vintagepointsblog.com/index3de1.html]
[www.vintagepointsblog.com/index287b.html]
[www.vintagepointsblog.com/index59db.php]
[www.vintagepointsblog.com/index7ca2.html]
[i2.wp.com/kwize.com/pics/Jane-Austen-quote-about-distance-from-Persuasion-1b87864007.jpg]
[www.vintagepointsblog.com/index7d3e.html]
[www.vintagepointsblog.com/indexce95.json]
[www.vintagepointsblog.com/indexe402.html]
[www.vintagepointsblog.com/index8f1c.php]
[i.pinimg.com/originals/2a/1d/29/2a1d291484aefc425882055e153ad73e.jpg]
[www.vintagepointsblog.com/index2915.html]
[www.vintagepointsblog.com/indexcaf9.json]
[www.vintagepointsblog.com/index392a.html]
[www.vintagepointsblog.com/index4ec8.php]
[i2.wp.com/www.littlebrown.com/wp-content/uploads/2017/06/9781478978954c38a.jpg]
[www.vintagepointsblog.com/index0b1f.html]
[www.vintagepointsblog.com/indexec0d.json]
[www.vintagepointsblog.com/indexee5b-2.html]
[www.vintagepointsblog.com/index3c08.php]
[immortalityawaits.files.wordpress.com/2014/05/hero-or-villain-01d761.jpg]
[www.vintagepointsblog.com/indexc807.html]
[www.vintagepointsblog.com/index4e1f.json]
[www.vintagepointsblog.com/index1a93.html]
[www.vintagepointsblog.com/index383c.php]
[www.vintagepointsblog.com/index3c39.html]
[www.vintagepointsblog.com/index76f6.json]
[www.vintagepointsblog.com/indexe21a.php]
[www.vintagepointsblog.com/index4a13.html]
[i2.wp.com/upload.wikimedia.org/wikipedia/en/b/ba/Crazy_Rich_Asians_postere1b2.png]
[www.vintagepointsblog.com/index5f0f.html]
[www.vintagepointsblog.com/index8df6.json]
[www.vintagepointsblog.com/index0b0e.html]
[www.vintagepointsblog.com/indexbe50.php]
[i2.wp.com/images.gr-assets.com/books/1410760281l/20873711bd37.jpg]
[www.vintagepointsblog.com/index9a88.html]
[www.vintagepointsblog.com/index2155.html]
[www.vintagepointsblog.com/index9f05.html]
[www.vintagepointsblog.com/indexcb89.html]
[www.vintagepointsblog.com/index28c5.html]
[www.vintagepointsblog.com/index261b.html]
[www.vintagepointsblog.com/indexa80c.html]
[www.vintagepointsblog.com/index146c.html]
[www.vintagepointsblog.com/index2586.html]
[www.vintagepointsblog.com/indexea84.json]
[www.vintagepointsblog.com/index8e01.html]
[www.vintagepointsblog.com/index9c2b.html]
[www.vintagepointsblog.com/indexb4d2.html]
[www.vintagepointsblog.com/index9751.html]
[www.vintagepointsblog.com/index83ae.php]
[www.vintagepointsblog.com/index412a.html]
[www.vintagepointsblog.com/indexd78c.html]
[www.vintagepointsblog.com/index8ed7.html]
[www.vintagepointsblog.com/index735a.html]
[www.vintagepointsblog.com/indexc06c.html]
[i2.wp.com/kimklassen.com/wp-content/uploads/2017/03/17494135_348142155587373_4340984172609798144_ndff8.jpg]
[www.vintagepointsblog.com/indexc61d.html]
[www.vintagepointsblog.com/index07cd.json]
[www.vintagepointsblog.com/index8bc7.html]
[www.vintagepointsblog.com/index3181.php]
[i2.wp.com/www.hindustantimes.com/rf/image_size_640x362/HT/p2/2016/07/02/Pictures/_8846407a-4026-11e6-974a-2ab7ab59b8eacc59.jpg]
[www.vintagepointsblog.com/index4580.html]
[www.vintagepointsblog.com/indexe4ef.json]
[www.vintagepointsblog.com/index49e6.html]
[www.vintagepointsblog.com/index9398.php]
[i0.wp.com/www.vintagepointsblog.com/wp-content/uploads/2017/11/images15bf.jpg]
[www.vintagepointsblog.com/indexa36b.html]
[www.vintagepointsblog.com/index5ca2.json]
[www.vintagepointsblog.com/index07a4.php]
[www.vintagepointsblog.com/index55d5.html]
[i2.wp.com/www.vintagepointsblog.com/wp-content/uploads/2017/10/73f047d82c31908ac6bd8cc49db7e25f4fa4.jpg]
[www.vintagepointsblog.com/index8b4e.html]
[www.vintagepointsblog.com/indexfaae.json]
[www.vintagepointsblog.com/indexa340.html]
[www.vintagepointsblog.com/indexa7ab.php]
[i2.wp.com/www.vintagepointsblog.com/wp-content/uploads/2017/08/11352411_931064403644120_1084284801_n406a.jpg]
[www.vintagepointsblog.com/index5a24.html]
[www.vintagepointsblog.com/index61b7.json]
[www.vintagepointsblog.com/index3a65.php]
[www.vintagepointsblog.com/indexeb8b.html]
[i1.wp.com/www.vintagepointsblog.com/wp-content/uploads/2017/07/IMG_1541-e1499704626482-300x300406a.jpg]
[www.vintagepointsblog.com/indexeffd.html]
[www.vintagepointsblog.com/index5fa2.json]
[www.vintagepointsblog.com/index22d5.html]
[www.vintagepointsblog.com/indexdee6.php]
[i0.wp.com/www.vintagepointsblog.com/wp-content/uploads/2017/05/cityescape.com2Fblog406a.jpg]
[www.vintagepointsblog.com/index6ffe.html]
[www.vintagepointsblog.com/indexca77.html]
[www.vintagepointsblog.com/index5641.json]
[www.vintagepointsblog.com/index8b6c.php]
[i2.wp.com/www.vintagepointsblog.com/wp-content/uploads/2017/05/IMG_1059406a.jpg]
[www.vintagepointsblog.com/index2cce.html]
[www.vintagepointsblog.com/index5010.html]
[www.vintagepointsblog.com/index4a94.json]
[www.vintagepointsblog.com/index6297.php]
[i2.wp.com/www.vintagepointsblog.com/wp-content/uploads/2017/05/IMG_1231-e1495482372429-300x300406a.jpg]
[www.vintagepointsblog.com/index0721.html]
[www.vintagepointsblog.com/wp-content/plugins/jetpack/_inc/social-logos/social-logos6de4.eot]
[www.vintagepointsblog.com/wp-content/plugins/jetpack/_inc/social-logos/social-logos6de4.ttf]
[www.vintagepointsblog.com/wp-content/plugins/jetpack/_inc/social-logos/social-logos.min68b3.css]
[www.vintagepointsblog.com/xmlrpc.php]
[i2.wp.com/images.ecosia.org/4KMXKMoqa2m9fcWk5w12pHeluSI=/0x390/smart/https_/upload.wikimedia.org/wikipedia/commons/3/3c/Kjelkeoverisen4273.html]
[www.vintagepointsblog.com/index04dd.html]
[www.vintagepointsblog.com/indexe332.html]
[www.vintagepointsblog.com/index4c52.html]
[www.vintagepointsblog.com/index399a.html]
[www.vintagepointsblog.com/indexe1a6.html]
[www.vintagepointsblog.com/index50dc.html]
[www.vintagepointsblog.com/indexaa95.html]
[www.vintagepointsblog.com/index8fcb.html]
[www.vintagepointsblog.com/index93b9.html]
[i2.wp.com/images.ecosia.org/zTgQxjiProRMpWL1zE43XR6Vy2A=/0x390/smart/https_/ewedit.files.wordpress.com/2018/05/wildcard_online-18029.html]
[www.vintagepointsblog.com/index692c.html]
[www.vintagepointsblog.com/index11a7.html]
[www.vintagepointsblog.com/index33b0.html]
[www.vintagepointsblog.com/indexf0b9.html]
[www.vintagepointsblog.com/index799f.html]
[www.vintagepointsblog.com/index6da8.html]
[www.vintagepointsblog.com/indexcb36.html]
[www.vintagepointsblog.com/index34f6.html]
[www.vintagepointsblog.com/index6877.html]
[www.vintagepointsblog.com/index0805.html]
[www.vintagepointsblog.com/indexb2e7.html]
[www.vintagepointsblog.com/indexd4c2.html]
[www.vintagepointsblog.com/index622c.html]
[www.vintagepointsblog.com/indexf694.html]
[www.vintagepointsblog.com/indexb8f7.html]
[www.vintagepointsblog.com/index857c.html]
[www.vintagepointsblog.com/index9cd8.html]
[www.vintagepointsblog.com/index1c63.html]
[www.vintagepointsblog.com/index3662.html]
[www.vintagepointsblog.com/index9650.html]
[www.vintagepointsblog.com/index2647.html]
[www.vintagepointsblog.com/wp-content/plugins/jetpack/_inc/social-logos/social-logosd41d.eot]
[www.vintagepointsblog.com/index1564.json]
[www.vintagepointsblog.com/index7f95.html]
[www.vintagepointsblog.com/indexd01f.php]
[i2.wp.com/weareadventure.us/wp-content/uploads/2013/11/SimoneAnne_WeAreAdventure_099311c.jpg]
[www.vintagepointsblog.com/index65a9.html]
[www.vintagepointsblog.com/indexa595.html]
[www.vintagepointsblog.com/index880d.html]
[www.vintagepointsblog.com/indexf71e.json]
[www.vintagepointsblog.com/index088f.html]
[www.vintagepointsblog.com/index75da.php]
[i.pinimg.com/originals/63/93/9f/63939ff04b3a5bde7e2d02f17442d2e5.jpg]
[www.vintagepointsblog.com/index9076.html]
[www.vintagepointsblog.com/indexb702.json]
[www.vintagepointsblog.com/index7dad.html]
[www.vintagepointsblog.com/index2fa6.php]
[www.vintagepointsblog.com/index9bb0.html]
[www.vintagepointsblog.com/index51af.json]
[www.vintagepointsblog.com/index24de.php]
[www.vintagepointsblog.com/index50d8.html]
[www.vintagepointsblog.com/indexcde3.html]
[www.vintagepointsblog.com/indexfd23.json]
[www.vintagepointsblog.com/indexbef2.php]
[www.vintagepointsblog.com/index6fa0.html]
[i.pinimg.com/564x/f0/76/d8/f076d8e960c23b75d4909260233b62a4.jpg]
[www.vintagepointsblog.com/index5295.html]
[www.vintagepointsblog.com/index9a28.json]
[www.vintagepointsblog.com/index39c4.php]
[www.vintagepointsblog.com/indexb149.html]
[i1.wp.com/editorial.designtaxi.com/news-book090315/1ab25.jpg]
[www.vintagepointsblog.com/index67bc.html]
[www.vintagepointsblog.com/index1789.json]
[www.vintagepointsblog.com/index5b53.html]
[www.vintagepointsblog.com/index3786.html]
[www.vintagepointsblog.com/indexd479.php]
[www.vintagepointsblog.com/index200a.json]
[www.vintagepointsblog.com/index9608.html]
[www.vintagepointsblog.com/index8fee.html]
[www.vintagepointsblog.com/index034a.html]
[www.vintagepointsblog.com/indexb726.php]
[www.vintagepointsblog.com/indexe2fe.json]
[www.vintagepointsblog.com/indexa8e1.html]
[www.vintagepointsblog.com/index4a42.php]
[www.vintagepointsblog.com/indexb773.html]
[www.vintagepointsblog.com/index2e18.json]
[www.vintagepointsblog.com/indexb660.html]
[www.vintagepointsblog.com/indexa0bf.php]
[i0.wp.com/hips.hearstapps.com/hbu.h-cdn.co/assets/17/25/hb-home-quotes-014037.jpg]
[www.vintagepointsblog.com/index03bd.html]
[www.vintagepointsblog.com/indexab83.json]
[www.vintagepointsblog.com/index8bc5.php]
[www.vintagepointsblog.com/index2ee3.html]
[i1.wp.com/images-na.ssl-images-amazon.com/images/I/51INtmz5qdL._SX331_BO1,204,203,200_ff9c.jpg]
[www.vintagepointsblog.com/index6233.html]
[www.vintagepointsblog.com/index55d7.json]
[www.vintagepointsblog.com/index3fe6.html]
[www.vintagepointsblog.com/index66e9.php]
[i2.wp.com/cdn-images-1.medium.com/max/1080/1_Hxtb82eivsMDQfe8z7bQpg65e5.png]
[www.vintagepointsblog.com/index88a0.html]
[www.vintagepointsblog.com/indexb6a0.json]
[www.vintagepointsblog.com/indexcbfc.html]
[www.vintagepointsblog.com/index13bb.php]
[i2.wp.com/www.watchpaper.com/wp-content/uploads/2016/08/mrelico-longines-legend-diveref93.jpg]
[www.vintagepointsblog.com/indexe1a1.html]
[www.vintagepointsblog.com/index3145.json]
[www.vintagepointsblog.com/index11b0.html]
[www.vintagepointsblog.com/index52d6.php]
[i2.wp.com/awesoroo.com/wp-content/uploads/2018/03/autumn-colors-on-tree-leaves-mobilea807.jpg]
[www.vintagepointsblog.com/indexa8b8.html]
[www.vintagepointsblog.com/indexd93f.html]
[www.vintagepointsblog.com/indexaf54.json]
[www.vintagepointsblog.com/indexc926.html]
[www.vintagepointsblog.com/index4438.php]
[i1.wp.com/www.vintagepointsblog.com/wp-content/uploads/2017/06/IMG_1283-e1496946567577-300x300406a.jpg]
[www.vintagepointsblog.com/index04cd.html]
[www.vintagepointsblog.com/index433b.json]
[www.vintagepointsblog.com/index6494.html]
[www.vintagepointsblog.com/index32d7.php]
[i0.wp.com/www.vintagepointsblog.com/wp-content/uploads/2017/06/IMG_1067406a.jpg]
[www.vintagepointsblog.com/index8cae.html]
[www.vintagepointsblog.com/indexc6df.html]
[www.vintagepointsblog.com/indexac97.json]
[www.vintagepointsblog.com/index5b43.php]
[i0.wp.com/www.vintagepointsblog.com/wp-content/uploads/2017/05/IMG_0996406a.jpg]
[www.vintagepointsblog.com/index3f3a.html]
[www.vintagepointsblog.com/indexa4ed.json]
[www.vintagepointsblog.com/index62de.html]
[www.vintagepointsblog.com/indexbc52.php]
[i2.wp.com/www.vintagepointsblog.com/wp-content/uploads/2017/05/IMG_1098406a.jpg]
[www.vintagepointsblog.com/index4f61.html]
[www.vintagepointsblog.com/index552f.html]
[www.vintagepointsblog.com/index7a86.json]
[www.vintagepointsblog.com/index21ad.php]
[i1.wp.com/www.vintagepointsblog.com/wp-content/uploads/2017/01/IMG_1058406a.jpg]
[www.vintagepointsblog.com/index5c36.html]
[www.vintagepointsblog.com/indexb6a8.html]
[www.vintagepointsblog.com/index6398.json]
[www.vintagepointsblog.com/index91ad.php]
[i0.wp.com/www.vintagepointsblog.com/wp-content/uploads/2017/05/8a803b4e3ad990e95eccd02f3c902055406a.jpg]
[www.vintagepointsblog.com/index094d.html]
[www.vintagepointsblog.com/index7ea6.json]
[www.vintagepointsblog.com/index296c.html]
[www.vintagepointsblog.com/indexbbb1.php]
[i0.wp.com/www.vintagepointsblog.com/wp-content/uploads/2017/05/large406a.jpg]
[www.vintagepointsblog.com/indexcc0f.html]
[www.vintagepointsblog.com/indexe43e.html]
[www.vintagepointsblog.com/indexb2de.html]
[www.vintagepointsblog.com/indexa359.html]
[www.vintagepointsblog.com/indexdfc2.html]
[www.vintagepointsblog.com/indexf15c.html]
[www.vintagepointsblog.com/index10da.html]
[www.vintagepointsblog.com/index9a2a.html]
[www.vintagepointsblog.com/indexbd27.html]
[www.vintagepointsblog.com/index0d3e.html]
[www.vintagepointsblog.com/indexb297.html]
[www.vintagepointsblog.com/index0f74.html]
[www.vintagepointsblog.com/indexb89f.html]
[www.vintagepointsblog.com/indexe338.html]
[www.vintagepointsblog.com/indexe4b2.html]
[www.vintagepointsblog.com/index82e6.html]
[www.vintagepointsblog.com/index5ab2.html]
[www.vintagepointsblog.com/index2fbe.html]
[www.vintagepointsblog.com/index45cb.html]
[www.vintagepointsblog.com/index68c1.html]
[www.vintagepointsblog.com/index7f0d.html]
[www.vintagepointsblog.com/indexada8.json]
[www.vintagepointsblog.com/index3dc6.html]
[www.vintagepointsblog.com/index7825.php]
[www.vintagepointsblog.com/index33cb.json]
[www.vintagepointsblog.com/index0606.html]
[www.vintagepointsblog.com/indexf806.php]
[www.vintagepointsblog.com/index85b0.html]
[www.vintagepointsblog.com/indexa422.json]
[www.vintagepointsblog.com/index88cb.html]
[www.vintagepointsblog.com/index9fa1.html]
[www.vintagepointsblog.com/index2e4b.php]
[www.vintagepointsblog.com/index5dfd.json]
[www.vintagepointsblog.com/index0d40.html]
[www.vintagepointsblog.com/index4a7f.php]
[i0.wp.com/prnigeria.com/wp-content/uploads/2015/10/firecrackers-naija-police85e9.jpg]
[www.vintagepointsblog.com/indexc902.html]
[www.vintagepointsblog.com/index32b6.json]
[www.vintagepointsblog.com/index15ab.php]
[www.vintagepointsblog.com/indexdee1.html]
[i.pinimg.com/736x/46/5a/35/465a35f809e8f5c73a7448a1c283e8ed--its-summertime-tropical-beaches.jpg]
[www.vintagepointsblog.com/index4659.html]
[www.vintagepointsblog.com/index6eda.json]
[www.vintagepointsblog.com/indexeb19.html]
[www.vintagepointsblog.com/index0f14.php]
[3.bp.blogspot.com/-txyfprxblGg/WmcJcAxO5LI/AAAAAAAANIU/WavaI8zdX7AN5MLBVSHC-Ktl87tmikkPgCEwYBhgL/s1600/25014708_517210035331763_5491652580322836480_n.jpg]
[www.vintagepointsblog.com/index6452.html]
[www.vintagepointsblog.com/index14c2.json]
[www.vintagepointsblog.com/indexa7f7.html]
[www.vintagepointsblog.com/index499d.php]
[i0.wp.com/cdnimg.growingsocialmedia.com/wp-content/uploads/2016/12/Birthday-captions-2-19b9b.jpg]
[www.vintagepointsblog.com/index5721.html]
[www.vintagepointsblog.com/indexe994.json]
[www.vintagepointsblog.com/index4135-2.html]
[www.vintagepointsblog.com/index62ba.php]
[www.vintagepointsblog.com/index78d6.html]
[www.vintagepointsblog.com/index59a5.json]
[www.vintagepointsblog.com/index7e5f.php]
[www.vintagepointsblog.com/indexc0bc.html]
[www.vintagepointsblog.com/index3440.html]
[www.vintagepointsblog.com/index2b9f.json]
[www.vintagepointsblog.com/index8615.html]
[www.vintagepointsblog.com/indexae46.php]
[i0.wp.com/s-media-cache-ak0.pinimg.com/originals/a8/38/41/a83841cc6254cb13a51ce7fed40b0f7782da.jpg]
[www.vintagepointsblog.com/indexa09e.html]
[www.vintagepointsblog.com/indexf059.json]
[www.vintagepointsblog.com/index3350.html]
[www.vintagepointsblog.com/indexd430.php]
[www.vintagepointsblog.com/index22d6.html]
[www.vintagepointsblog.com/index28f4.json]
[www.vintagepointsblog.com/index1b0c.php]
[www.vintagepointsblog.com/indexb2e1.html]
[i.pinimg.com/236x/fe/3b/9c/fe3b9c4cfde9b56330cc002ad2acc783--happy-new-year-photo-happy-new-year-images.jpg]
[www.vintagepointsblog.com/index4034.html]
[www.vintagepointsblog.com/index012d.json]
[www.vintagepointsblog.com/index725c.php]
[www.vintagepointsblog.com/index1211.html]
[i1.wp.com/s-media-cache-ak0.pinimg.com/originals/21/94/ec/2194eca0ca201e4cbd7c7b6ec6d727366451.jpg]
[www.vintagepointsblog.com/index8816.html]
[www.vintagepointsblog.com/index55f7.json]
[www.vintagepointsblog.com/index91b6.php]
[www.vintagepointsblog.com/index2e8a.html]
[i0.wp.com/www.vintagepointsblog.com/wp-content/uploads/2017/11/13188211_1565875193709683_1414368439_n406a.jpg]
[www.vintagepointsblog.com/index87e6.html]
[www.vintagepointsblog.com/indexcad8.json]
[www.vintagepointsblog.com/index462e.html]
[www.vintagepointsblog.com/indexc2fd.php]
[i2.wp.com/www.vintagepointsblog.com/wp-content/uploads/2017/11/IMG_3803406a.jpg]
[www.vintagepointsblog.com/indexbe3b.html]
[www.vintagepointsblog.com/index6b2f.json]
[www.vintagepointsblog.com/index0186.html]
[www.vintagepointsblog.com/indexc260.php]
[i2.wp.com/www.vintagepointsblog.com/wp-content/uploads/2017/09/vdayglittera57c.jpg]
[www.vintagepointsblog.com/indexdb84.html]
[www.vintagepointsblog.com/indexebe0.json]
[www.vintagepointsblog.com/index7b03.php]
[www.vintagepointsblog.com/index7db0.html]
[i2.wp.com/www.vintagepointsblog.com/wp-content/uploads/2017/08/Instagram-Adulting-is-hard-23253a5637.png]
[www.vintagepointsblog.com/index30a5.html]
[www.vintagepointsblog.com/index05bb.html]
[www.vintagepointsblog.com/index62e8.json]
[www.vintagepointsblog.com/index3ed1.php]
[i1.wp.com/www.vintagepointsblog.com/wp-content/uploads/2017/07/25050e2817eaf37130c3909eee9be3be406a.jpg]
[www.vintagepointsblog.com/indexb6ad.html]
[www.vintagepointsblog.com/index1a5d.json]
[www.vintagepointsblog.com/index71fa.php]
[www.vintagepointsblog.com/indexa0dc.html]
[i1.wp.com/www.vintagepointsblog.com/wp-content/uploads/2017/07/not-my-circus-not-my-monkeys-color-prints406a.jpg]
[www.vintagepointsblog.com/index5eda.html]
[www.vintagepointsblog.com/indexc653.html]
[www.vintagepointsblog.com/indexb2ee.html]
[www.vintagepointsblog.com/index802f.html]
[www.vintagepointsblog.com/indexece7.html]
[www.vintagepointsblog.com/index2fc1.html]
[www.vintagepointsblog.com/indexa754.html]
[www.vintagepointsblog.com/index6d01.html]
[www.vintagepointsblog.com/indexedb8.html]
[www.vintagepointsblog.com/indexa58f.html]
[www.vintagepointsblog.com/indexe8cb.html]
[www.vintagepointsblog.com/index42ae.html]
[www.vintagepointsblog.com/indexc8c9.html]
[www.vintagepointsblog.com/index9d92.html]
[www.vintagepointsblog.com/index7b08.html]
[www.vintagepointsblog.com/indexbe38.html]
[www.vintagepointsblog.com/index4444.html]
[www.vintagepointsblog.com/index10bd.html]
[www.vintagepointsblog.com/index6b2f.html]
[www.vintagepointsblog.com/index20ea.html]
[www.vintagepointsblog.com/index777b.html]
[www.vintagepointsblog.com/indexa40a.html]
[i0.wp.com/4.bp.blogspot.com/-BDtNvNBaXkY/U56YcuaiNcI/AAAAAAAAOCo/Wpbwg0nADik/s1600/vanja,+fashion+and+style+blog,+instagram+vanja+milicevic,+adidas+shopping+bag,+grocery+shopping.7f]
[www.vintagepointsblog.com/index5bed.json]
[www.vintagepointsblog.com/index49ba.html]
[www.vintagepointsblog.com/index17d6.php]
[i.pinimg.com/originals/29/ae/74/29ae7420fc46f3e2145d3d52c52c9057.jpg]
[www.vintagepointsblog.com/index5034.html]
[www.vintagepointsblog.com/index03e5.html]
[www.vintagepointsblog.com/index1c53.html]
[www.vintagepointsblog.com/index973b.html]
[www.vintagepointsblog.com/indexe38c.json]
[www.vintagepointsblog.com/indexf637.html]
[www.vintagepointsblog.com/index6cac.php]
[i0.wp.com/thecrazycraftlady.com/wp-content/uploads/2017/04/sea-you-soone3f5.jpg]
[www.vintagepointsblog.com/indexd7c9.html]
[www.vintagepointsblog.com/index38ca.json]
[www.vintagepointsblog.com/indexd02a.html]
[www.vintagepointsblog.com/index93cd.php]
[i0.wp.com/www.iesabroad.org/files/news/resources/argentina_kerryawheeler_80097d0.jpg]
[www.vintagepointsblog.com/indexd1c3.html]
[www.vintagepointsblog.com/index9786.html]
[www.vintagepointsblog.com/index5caf.json]
[www.vintagepointsblog.com/index5cb2.php]
[i.pinimg.com/236x/e0/1d/99/e01d995bbca91e08914f469094a83f2b.jpg]
[www.vintagepointsblog.com/indexf45e.html]
[www.vintagepointsblog.com/index01e8.json]
[www.vintagepointsblog.com/index5a6a.html]
[www.vintagepointsblog.com/indexeb52.php]
[www.vintagepointsblog.com/index6b9e.html]
[www.vintagepointsblog.com/indexef54.json]
[www.vintagepointsblog.com/indexc8a4.html]
[www.vintagepointsblog.com/indexe9c7.php]
[i0.wp.com/www.stayingintouch.com.au/wp-content/uploads/2018/01/on-a-breakdc3e.jpg]
[www.vintagepointsblog.com/indexe8f5.html]
[www.vintagepointsblog.com/index4b60.json]
[www.vintagepointsblog.com/index86b1.html]
[www.vintagepointsblog.com/index31c1.php]
[i2.wp.com/s-media-cache-ak0.pinimg.com/originals/5f/3c/30/5f3c30f2aa4e45e104e712c5663d76546451.jpg]
[www.vintagepointsblog.com/indexa828.html]
[www.vintagepointsblog.com/index6a36.json]
[www.vintagepointsblog.com/indexdd1c.html]
[www.vintagepointsblog.com/index513c.php]
[i0.wp.com/s-media-cache-ak0.pinimg.com/originals/b8/90/c6/b890c6971191a6c53a7d7394e73da33b8b25.jpg]
[www.vintagepointsblog.com/index7760.html]
[www.vintagepointsblog.com/indexeb82.json]
[www.vintagepointsblog.com/index5b41.php]
[www.vintagepointsblog.com/index397b.html]
[i1.wp.com/www.vintagepointsblog.com/wp-content/uploads/2017/12/b886044017a661ab87e6c35f4658a638406a.jpg]
[www.vintagepointsblog.com/index5791.html]
[www.vintagepointsblog.com/indexe82d.json]
[www.vintagepointsblog.com/index2369.php]
[www.vintagepointsblog.com/indexfa38.html]
[i1.wp.com/www.vintagepointsblog.com/wp-content/uploads/2017/11/f827e401e533140b81ca14565300e7d4406a.jpg]
[www.vintagepointsblog.com/indexe539.html]
[www.vintagepointsblog.com/index6bfb.html]
[www.vintagepointsblog.com/index4435.html]
[www.vintagepointsblog.com/indexdc81.json]
[www.vintagepointsblog.com/index1f93.php]
[i0.wp.com/www.vintagepointsblog.com/wp-content/uploads/2017/10/1089c2888ae235a2212f1f3269b112cb-paper-bat-pumpkin-candles8b72.jpg]
[www.vintagepointsblog.com/indexee5b.html]
[www.vintagepointsblog.com/index6597.json]
[www.vintagepointsblog.com/index0b7e.php]
[www.vintagepointsblog.com/index7887.html]
[i0.wp.com/www.vintagepointsblog.com/wp-content/uploads/2017/10/1239a28514c1cc6989bd7ca3c484b48b-autumn-fall406a.jpg]
[www.vintagepointsblog.com/index60d6.html]
[www.vintagepointsblog.com/indexd99f.html]
[www.vintagepointsblog.com/indexef2b.json]
[www.vintagepointsblog.com/index5e99.php]
[i0.wp.com/www.vintagepointsblog.com/wp-content/uploads/2017/10/916f4733a8a042d7e8cce27738d09659-a-m-positivity406a.jpg]
[www.vintagepointsblog.com/index31a3.html]
[www.vintagepointsblog.com/indexcbf3.json]
[www.vintagepointsblog.com/index880a.html]
[www.vintagepointsblog.com/index646a.php]
[i2.wp.com/www.vintagepointsblog.com/wp-content/uploads/2017/09/60b37d507591d552f669f77aac5047e2406a.jpg]
[www.vintagepointsblog.com/index7737.html]
[www.vintagepointsblog.com/index8b5b.json]
[www.vintagepointsblog.com/index14f9.html]
[www.vintagepointsblog.com/indexd5de.php]
[i1.wp.com/www.vintagepointsblog.com/wp-content/uploads/2017/08/IMG_2135-e1503304180443-300x300406a.jpg]
[www.vintagepointsblog.com/indexbbbb.html]
[www.vintagepointsblog.com/index5095.json]
[www.vintagepointsblog.com/index19d7.html]
[www.vintagepointsblog.com/index9136.php]
[i1.wp.com/www.vintagepointsblog.com/wp-content/uploads/2017/07/a0a1b9b6cf6cc8646f6fecffb9219d75406a.jpg]
[www.vintagepointsblog.com/indexe6f0.html]
[www.vintagepointsblog.com/index0dad.json]
[www.vintagepointsblog.com/index09f2.html]
[www.vintagepointsblog.com/index6b56.php]
[i2.wp.com/www.vintagepointsblog.com/wp-content/uploads/2017/06/IMG_1422-e1497882982371-300x300406a.jpg]
[www.vintagepointsblog.com/index287b.html]
[www.vintagepointsblog.com/indexeb4e.html]
[www.vintagepointsblog.com/index955f.html]
[www.vintagepointsblog.com/index8662.html]
[www.vintagepointsblog.com/index45d8.html]
[www.vintagepointsblog.com/indexd63f.html]
[www.vintagepointsblog.com/indexa5b6.html]
[www.vintagepointsblog.com/indexc5bd.html]
[www.vintagepointsblog.com/index00e3.html]
[www.vintagepointsblog.com/index8c4d.html]
[www.vintagepointsblog.com/index4111.html]
[www.vintagepointsblog.com/indexe62f.html]
[www.vintagepointsblog.com/indexbc1e.html]
[www.vintagepointsblog.com/index021d.html]
[www.vintagepointsblog.com/index8d07.html]
[www.vintagepointsblog.com/index6314.html]
[www.vintagepointsblog.com/indexb797.html]
[www.vintagepointsblog.com/indexd73f.html]
[www.vintagepointsblog.com/index61b1.html]
[www.vintagepointsblog.com/index6666.html]
[www.vintagepointsblog.com/index7ee2.html]
[www.vintagepointsblog.com/indexb126.html]
[www.vintagepointsblog.com/index6f2e.html]
[www.vintagepointsblog.com/indexaada.html]
[www.vintagepointsblog.com/index96dd.html]
[www.vintagepointsblog.com/indexa440.json]
[www.vintagepointsblog.com/indexc523.html]
[www.vintagepointsblog.com/index46b5.php]
[i0.wp.com/d28hgpri8am2if.cloudfront.net/book_images/onix/cvr9781534409637/the-strange-case-of-the-alchemists-daughter-9781534409637_lgd855.jpg]
[www.vintagepointsblog.com/indexcb89.html]
[www.vintagepointsblog.com/index25fd.json]
[www.vintagepointsblog.com/index0483.html]
[www.vintagepointsblog.com/index2f18.php]
[i1.wp.com/images.gr-assets.com/books/1496856585l/3529738073db.jpg]
[www.vintagepointsblog.com/index28c5.html]
[www.vintagepointsblog.com/index6d56.json]
[www.vintagepointsblog.com/indexb805.html]
[www.vintagepointsblog.com/index239c.php]
[i.pinimg.com/originals/6f/7d/73/6f7d737d6d1468b0b4375db088795e9a.jpg]
[www.vintagepointsblog.com/index261b.html]
[www.vintagepointsblog.com/indexd252.json]
[www.vintagepointsblog.com/index5eba.html]
[www.vintagepointsblog.com/index0f11.php]
[i1.wp.com/www.amomblog.com/wp-content/uploads/2013/01/IMG_20130109_2138039c99.jpg]
[www.vintagepointsblog.com/indexa80c.html]
[www.vintagepointsblog.com/index0ad5.json]
[www.vintagepointsblog.com/indexee6e.html]
[www.vintagepointsblog.com/index63cd.php]
[i2.wp.com/tribunecontentagency.com/wp-content/uploads/2015/12/20151231cplis-a802c.jpg]
[www.vintagepointsblog.com/index146c.html]
[www.vintagepointsblog.com/indexa1c4.html]
[www.vintagepointsblog.com/index9e74.json]
[www.vintagepointsblog.com/index4dab.php]
[i1.wp.com/s-media-cache-ak0.pinimg.com/originals/d7/8a/5a/d78a5a3600fbcd8506802b05270978b568d8.jpg]
[www.vintagepointsblog.com/index2586.html]
[www.vintagepointsblog.com/index04ad.json]
[www.vintagepointsblog.com/index4988.html]
[www.vintagepointsblog.com/indexf093.php]
[i0.wp.com/images-na.ssl-images-amazon.com/images/I/51yoOC+ZcdL._SX334_BO1,204,203,200_ea6b.jpg]
[www.vintagepointsblog.com/index8e01.html]
[www.vintagepointsblog.com/index67e9.json]
[www.vintagepointsblog.com/indexb255.php]
[www.vintagepointsblog.com/index4019.html]
[i2.wp.com/s-media-cache-ak0.pinimg.com/originals/bb/b9/0b/bbb90b0e04dc9d0d1ba067b1d9d31c7c0184.jpg]
[www.vintagepointsblog.com/index9c2b.html]
[www.vintagepointsblog.com/indexcded.json]
[www.vintagepointsblog.com/indexa77a.html]
[www.vintagepointsblog.com/index4a41.php]
[i2.wp.com/www.vintagepointsblog.com/wp-content/uploads/2017/10/b116dd0c69822c4c36d92bec1dc31831-modern-halloween-white-pumpkins406a.jpg]
[www.vintagepointsblog.com/indexb4d2.html]
[www.vintagepointsblog.com/indexb6a0-2.json]
[www.vintagepointsblog.com/index1fcd.php]
[www.vintagepointsblog.com/index1441.html]
[i1.wp.com/www.vintagepointsblog.com/wp-content/uploads/2017/09/download38c4.jpg]
[www.vintagepointsblog.com/index9751.html]
[www.vintagepointsblog.com/index412a.html]
[www.vintagepointsblog.com/indexca06.json]
[www.vintagepointsblog.com/indexaadd.html]
[www.vintagepointsblog.com/index646f.php]
[i1.wp.com/www.vintagepointsblog.com/wp-content/uploads/2017/09/InstagramAccountManagementd49d.jpg]
[www.vintagepointsblog.com/indexd78c.html]
[www.vintagepointsblog.com/indexe8e6.json]
[www.vintagepointsblog.com/indexefaa.html]
[www.vintagepointsblog.com/index11d2.php]
[i0.wp.com/www.vintagepointsblog.com/wp-content/uploads/2017/07/a5c7af04c6cb11e1aee522000a1e8a5f_7406a.jpg]
[www.vintagepointsblog.com/index8ed7.html]
[www.vintagepointsblog.com/index833d.json]
[www.vintagepointsblog.com/index410b.html]
[www.vintagepointsblog.com/index0a4a.php]
[i0.wp.com/www.vintagepointsblog.com/wp-content/uploads/2017/06/drjekyllmrhyde952c1.jpg]
[www.vintagepointsblog.com/index735a.html]
[www.vintagepointsblog.com/index50af.html]
[www.vintagepointsblog.com/indexf5ae.html]
[www.vintagepointsblog.com/index3ca9.html]
[www.vintagepointsblog.com/index90a0.html]
[www.vintagepointsblog.com/indexfe9a.html]
[www.vintagepointsblog.com/index9359.html]
[www.vintagepointsblog.com/indexf566.html]
[www.vintagepointsblog.com/index77ac.html]
[www.vintagepointsblog.com/index7dbe.html]
[www.vintagepointsblog.com/index0cf8.html]
[www.vintagepointsblog.com/indexf14a.html]
[www.vintagepointsblog.com/index3295.html]
[www.vintagepointsblog.com/index073f.html]
[www.vintagepointsblog.com/indexa6b2.html]
[www.vintagepointsblog.com/index05a4.html]
[www.vintagepointsblog.com/index2fe2.html]
[www.vintagepointsblog.com/index4ecf.html]
[www.vintagepointsblog.com/index6b13.html]
[www.vintagepointsblog.com/index36b4.html]
[www.vintagepointsblog.com/index6d4c.html]
[www.vintagepointsblog.com/index445b.html]
[www.vintagepointsblog.com/index8115.html]
[www.vintagepointsblog.com/indexd9a9.html]
[www.vintagepointsblog.com/index5a2e.html]
[www.vintagepointsblog.com/index4135.html]
[www.vintagepointsblog.com/index7336.html]
[www.vintagepointsblog.com/indexf47f.html]
[www.vintagepointsblog.com/index9e09.html]
[www.vintagepointsblog.com/indexe964.html]
[www.vintagepointsblog.com/index96b9.html]
[www.vintagepointsblog.com/index23bb.html]
[www.vintagepointsblog.com/index6921.html]
[www.vintagepointsblog.com/indexef62.html]
[www.vintagepointsblog.com/indexfb56.html]
[www.vintagepointsblog.com/index8198.html]
[www.vintagepointsblog.com/indexaf09.html]
[i2.wp.com/meetgeorge.info/wp-content/uploads/2018/12/instagram-new-year-saying-happy-2019-info90f5.html]
[www.vintagepointsblog.com/index71a9.html]
[www.vintagepointsblog.com/index103d.html]
[www.vintagepointsblog.com/index6ace.html]
[www.vintagepointsblog.com/index0bbf.html]
[www.vintagepointsblog.com/index30af.html]
[www.vintagepointsblog.com/indexf15c-2.html]
[www.vintagepointsblog.com/indexc002.html]
[www.vintagepointsblog.com/index35b9.html]
[www.vintagepointsblog.com/indexf01d.html]
[www.vintagepointsblog.com/index0d8c.html]
[www.vintagepointsblog.com/indexb019.html]
[www.vintagepointsblog.com/index5eca.html]
[www.vintagepointsblog.com/index5188.html]
[www.vintagepointsblog.com/indexfb5f.html]
[www.vintagepointsblog.com/index66b7.html]
[i0.wp.com/en.vogue.fr/uploads/images/thumbs/201842/b8/leaholsonstyle_jpg_8672_jpeg_3954.jpeg_north_499x_white94a6.html]
[www.vintagepointsblog.com/index85b0-2.html]
[www.vintagepointsblog.com/indexf930.html]
[www.vintagepointsblog.com/index31e8.html]
[www.vintagepointsblog.com/index0e45.html]
[www.vintagepointsblog.com/index2b41.html]
[www.vintagepointsblog.com/index1f56.html]
[www.vintagepointsblog.com/index7199.html]
[www.vintagepointsblog.com/indexcd45.html]
[www.vintagepointsblog.com/index4631.html]
[www.vintagepointsblog.com/index7791.html]
[www.vintagepointsblog.com/index5e08.html]
[www.vintagepointsblog.com/indexcb91.html]
[www.vintagepointsblog.com/index7e3e.html]
[www.vintagepointsblog.com/index98dd.html]
[www.vintagepointsblog.com/index9141.html]
[www.vintagepointsblog.com/index705b.html]
[www.vintagepointsblog.com/indexdc04.html]
[www.vintagepointsblog.com/indexb425.html]
[www.vintagepointsblog.com/indexab38.html]
[www.vintagepointsblog.com/index284d.html]
[www.vintagepointsblog.com/indexcc6e.html]
[www.vintagepointsblog.com/index4bfe.html]
[www.vintagepointsblog.com/indexfafc.html]
[www.vintagepointsblog.com/indexd869.html]
[www.vintagepointsblog.com/indexbf1d.html]
[www.vintagepointsblog.com/indexe402-2.html]
[www.vintagepointsblog.com/index38b7.html]
[www.vintagepointsblog.com/index1ee5.html]
[www.vintagepointsblog.com/index9708.html]
[www.vintagepointsblog.com/indexddfd.html]
[www.vintagepointsblog.com/index2ad0.html]
[www.vintagepointsblog.com/index0d28.html]
[www.vintagepointsblog.com/indexa231.html]
[www.vintagepointsblog.com/indexdd6f.html]
[www.vintagepointsblog.com/indexd0af.html]
[www.vintagepointsblog.com/index9ce2.html]
[www.vintagepointsblog.com/index6f4c.html]
[www.vintagepointsblog.com/index803a.html]
[www.vintagepointsblog.com/index1fa1.html]
[www.vintagepointsblog.com/index6ef1.html]
[i1.wp.com/static.gulfnews.com/polopoly_fs/1.1600629!/image/760296982.jpg_gen/derivatives/box_460346/7602969823f56.html]
[www.vintagepointsblog.com/index8584.html]
[www.vintagepointsblog.com/indexe112.html]
[www.vintagepointsblog.com/index2971.html]
[www.vintagepointsblog.com/indexb167.html]
[www.vintagepointsblog.com/index5f5b.html]
[www.vintagepointsblog.com/index1ffd.html]
[www.vintagepointsblog.com/index0670.html]
[www.vintagepointsblog.com/indexd295.html]
[www.vintagepointsblog.com/index2cd3.html]
[www.vintagepointsblog.com/index7d61.html]
[www.vintagepointsblog.com/indexf09f.html]
[www.vintagepointsblog.com/index3fd8.html]
[www.vintagepointsblog.com/index8a71.html]
[www.vintagepointsblog.com/indexb946-2.html]
[www.vintagepointsblog.com/indexf870.html]
[www.vintagepointsblog.com/indexb47d.html]
[www.vintagepointsblog.com/indexa5f2.html]
[www.vintagepointsblog.com/indexa5e3.html]
[i1.wp.com/media1.fdncms.com/portmerc/imager/harry-potter-3d-and-perving-out-on-neville-longbottom/u/original/4285570/1310669707-neville6398.html]
[www.vintagepointsblog.com/index5687.html]
[www.vintagepointsblog.com/indexf42b.html]
[www.vintagepointsblog.com/index154f.html]
[i1.wp.com/scontent-frx5-1.cdninstagram.com/t51.2885-15/e35/23101010_1741993142771024_2844496736368459776_n34e1.html]
[www.vintagepointsblog.com/index1b34.html]
[www.vintagepointsblog.com/index0d6c.html]
[www.vintagepointsblog.com/index0901.html]
[www.vintagepointsblog.com/index00ca.html]
[www.vintagepointsblog.com/indexca69.html]
[www.vintagepointsblog.com/index8e84.html]
[www.vintagepointsblog.com/index0f5c.html]
[www.vintagepointsblog.com/index21cb.html]
[www.vintagepointsblog.com/indexa1b7.html]
[www.vintagepointsblog.com/index79e9.html]
[www.vintagepointsblog.com/index6da2.html]
[www.vintagepointsblog.com/index8c80.html]
[www.vintagepointsblog.com/indexb18b.html]
[www.vintagepointsblog.com/index0bf6.html]
[www.vintagepointsblog.com/indexcf4a.html]
[www.vintagepointsblog.com/index7510.html]
[www.vintagepointsblog.com/index802a.html]
[www.vintagepointsblog.com/index8b9b.html]
[www.vintagepointsblog.com/indexfbe7.html]
[www.vintagepointsblog.com/index4390.html]
[www.vintagepointsblog.com/index60fb.html]
[www.vintagepointsblog.com/indexf30e.html]
[www.vintagepointsblog.com/indexee46.html]
[www.vintagepointsblog.com/index28a3.html]
[www.vintagepointsblog.com/indexfeaf.html]
[www.vintagepointsblog.com/indexe636.html]
[www.vintagepointsblog.com/indexe50e.html]
[www.vintagepointsblog.com/indexe8a5.html]
[www.vintagepointsblog.com/index6c67.html]
[www.vintagepointsblog.com/index75e0.html]
[www.vintagepointsblog.com/index0c4b.html]
[www.vintagepointsblog.com/index5edd.html]
[www.vintagepointsblog.com/index4de6.html]
[www.vintagepointsblog.com/indexa308.html]
[www.vintagepointsblog.com/indexeed4.html]
[www.vintagepointsblog.com/index29c2.html]
[www.vintagepointsblog.com/index664b.html]
[www.vintagepointsblog.com/index5317.html]
[www.vintagepointsblog.com/indexf6c2.html]
[www.vintagepointsblog.com/indexac58.html]
[www.vintagepointsblog.com/indexd4a2.html]
[www.vintagepointsblog.com/indexa6da-2.html]
[www.vintagepointsblog.com/indexef2c.html]
[www.vintagepointsblog.com/index1e0f.html]
[www.vintagepointsblog.com/index7571.html]
[www.vintagepointsblog.com/index93be.html]
[www.vintagepointsblog.com/index9274.html]
[www.vintagepointsblog.com/index2288.html]
[www.vintagepointsblog.com/index109c.html]
[www.vintagepointsblog.com/index3996.html]
[www.vintagepointsblog.com/indexb7a1.html]
[www.vintagepointsblog.com/index8e4e.html]
[www.vintagepointsblog.com/index5f21.html]
[www.vintagepointsblog.com/indexe833.html]
[www.vintagepointsblog.com/index4d77.html]
[www.vintagepointsblog.com/index9e92.html]
[www.vintagepointsblog.com/indexfa73.html]
[www.vintagepointsblog.com/indexb5e7.html]
[www.vintagepointsblog.com/index58ce.html]
[www.vintagepointsblog.com/indexba13.html]
[www.vintagepointsblog.com/index63e2.html]
[www.vintagepointsblog.com/index91f3.html]
[www.vintagepointsblog.com/index4e91.html]
[www.vintagepointsblog.com/index0293.html]
[www.vintagepointsblog.com/index57bd.html]
[www.vintagepointsblog.com/index9fe6.html]
[www.vintagepointsblog.com/indexbaa8.html]
[www.vintagepointsblog.com/indexced4.html]
[www.vintagepointsblog.com/index226a.html]
[www.vintagepointsblog.com/index738e.html]
[www.vintagepointsblog.com/index89cb.html]
[www.vintagepointsblog.com/indexcbd4.html]
[www.vintagepointsblog.com/index3f93.html]
[www.vintagepointsblog.com/index563b.html]
[www.vintagepointsblog.com/index5b37.html]
[www.vintagepointsblog.com/indexdedd.html]
[www.vintagepointsblog.com/indexa67b.html]
[www.vintagepointsblog.com/index945d.html]
[www.vintagepointsblog.com/indexf484.html]
[www.vintagepointsblog.com/index7eda.html]
[www.vintagepointsblog.com/index9edd.html]
[www.vintagepointsblog.com/indexce0b.html]
[www.vintagepointsblog.com/index1fc6.html]
[www.vintagepointsblog.com/index63a7.html]
[www.vintagepointsblog.com/indexb45e.html]
[www.vintagepointsblog.com/index8e5d.html]
[www.vintagepointsblog.com/index0840.html]
[www.vintagepointsblog.com/indexf20c.html]
[www.vintagepointsblog.com/indexeea3.html]
[www.vintagepointsblog.com/indexb806.html]
[www.vintagepointsblog.com/index29c5.html]
[www.vintagepointsblog.com/indexfccc.html]
[www.vintagepointsblog.com/indexd8e6.html]
[www.vintagepointsblog.com/index0dba.html]
[www.vintagepointsblog.com/indexa548.html]
[www.vintagepointsblog.com/index9c04.html]
[www.vintagepointsblog.com/indexd7c1.html]
[www.vintagepointsblog.com/index56ce.html]
[www.vintagepointsblog.com/index44e8.html]
[www.vintagepointsblog.com/indexcc55.html]
[www.vintagepointsblog.com/index1682.html]
[www.vintagepointsblog.com/index7769.html]
[www.vintagepointsblog.com/index3674.html]
[www.vintagepointsblog.com/index2034.html]
[www.vintagepointsblog.com/index6863.html]
[www.vintagepointsblog.com/indexf959.html]
[www.vintagepointsblog.com/index2b44.html]
[www.vintagepointsblog.com/index9787.html]
[www.vintagepointsblog.com/indexbd1f.html]
[www.vintagepointsblog.com/index573d.html]
[www.vintagepointsblog.com/indexc042.html]
[www.vintagepointsblog.com/index1326.html]
[www.vintagepointsblog.com/indexa8ab.html]
[www.vintagepointsblog.com/index993f.html]
[www.vintagepointsblog.com/index7bb4.html]
[www.vintagepointsblog.com/index9aa1.html]
[www.vintagepointsblog.com/index9a7e.html]
[www.vintagepointsblog.com/index9666.html]
[www.vintagepointsblog.com/index9df4.html]
[www.vintagepointsblog.com/index0138.html]
[www.vintagepointsblog.com/indexd909.html]
[www.vintagepointsblog.com/index3ebf.html]
[www.vintagepointsblog.com/indexf478.html]
[www.vintagepointsblog.com/index61e2.html]
[www.vintagepointsblog.com/index3259.html]
